
> labelguard-uk@0.0.0 build
> vite build

[36mvite v6.4.1 [32mbuilding for production...[36m[39m
transforming...
[32mÔ£ô[39m 81 modules transformed.
Ô£ù Build failed in 302ms
error during build:
components/SubscriptionCard.tsx (3:31): "getLabelUsage" is not exported by "utils/license.ts", imported by "components/SubscriptionCard.tsx".
file: C:/Users/josh/Desktop/Labelguarduk/components/SubscriptionCard.tsx:3:31

1: import React from 'react';
2: import { Link } from 'react-router-dom';
3: import { getCurrentPlanLimits, getLabelUsage } from '../utils/license';
                                  ^
4: 
5: export const SubscriptionCard: React.FC = () => {

    at getRollupError (file:///C:/Users/josh/Desktop/Labelguarduk/node_modules/rollup/dist/es/shared/parseAst.js:401:41)
    at error (file:///C:/Users/josh/Desktop/Labelguarduk/node_modules/rollup/dist/es/shared/parseAst.js:397:42)
    at Module.error (file:///C:/Users/josh/Desktop/Labelguarduk/node_modules/rollup/dist/es/shared/node-entry.js:16956:16)
    at Module.traceVariable (file:///C:/Users/josh/Desktop/Labelguarduk/node_modules/rollup/dist/es/shared/node-entry.js:17412:29)
    at ModuleScope.findVariable (file:///C:/Users/josh/Desktop/Labelguarduk/node_modules/rollup/dist/es/shared/node-entry.js:15076:39)
    at ReturnValueScope.findVariable (file:///C:/Users/josh/Desktop/Labelguarduk/node_modules/rollup/dist/es/shared/node-entry.js:5649:38)
    at FunctionBodyScope.findVariable (file:///C:/Users/josh/Desktop/Labelguarduk/node_modules/rollup/dist/es/shared/node-entry.js:5649:38)
    at Identifier.bind (file:///C:/Users/josh/Desktop/Labelguarduk/node_modules/rollup/dist/es/shared/node-entry.js:5423:40)
    at CallExpression.bind (file:///C:/Users/josh/Desktop/Labelguarduk/node_modules/rollup/dist/es/shared/node-entry.js:2813:23)
    at CallExpression.bind (file:///C:/Users/josh/Desktop/Labelguarduk/node_modules/rollup/dist/es/shared/node-entry.js:12123:15)
